// Jest Snapshot v1, https://goo.gl/fbAQLP

exports[`should render login page correctly 1`] = `
<div
  className="box-layout"
>
  <div
    className="box-layout__box"
  >
    <h1
      className="layout__title"
    >
      Expensify App
    </h1>
    <p>
      It's time to get your expenses under control!
    </p>
    <button
      onClick={[Function]}
    >
      Log In with Google
    </button>
  </div>
</div>
`;
